---
source: src/tests/dns.rs
expression: decision
---
{
  "Allow": {
    "policies": [
      {
        "literal": "@id(\"DNS.admins_policy\")\npermit (\n    principal in DNS::Group::\"admins\",\n    action in\n        [DNS::Action::\"create_host\",\n         DNS::Action::\"delete_host\",\n         DNS::Action::\"view_host\",\n         DNS::Action::\"edit_host\"],\n    resource is Host\n);",
        "json": {
          "effect": "permit",
          "principal": {
            "op": "in",
            "entity": {
              "type": "DNS::Group",
              "id": "admins"
            }
          },
          "action": {
            "op": "in",
            "entities": [
              {
                "type": "DNS::Action",
                "id": "create_host"
              },
              {
                "type": "DNS::Action",
                "id": "delete_host"
              },
              {
                "type": "DNS::Action",
                "id": "view_host"
              },
              {
                "type": "DNS::Action",
                "id": "edit_host"
              }
            ]
          },
          "resource": {
            "op": "is",
            "entity_type": "Host"
          },
          "conditions": [],
          "annotations": {
            "id": "DNS.admins_policy"
          }
        },
        "annotation_id": "DNS.admins_policy",
        "cedar_id": "policy0"
      }
    ],
    "version": {
      "hash": "d7efadba123ba2cfa6cf1768a1db2a82b5a199190b1b9d344243d976e2b0f790",
      "loaded_at": "[timestamp]",
      "label_set": null,
      "generation": 1
    }
  }
}
