---
source: src/engine/tests/evaluate.rs
expression: decision
---
{
  "Allow": {
    "policies": [
      {
        "literal": "permit (\n    principal in Database::Group::\"dbusers\",\n    action == Database::Action::\"view_table\",\n    resource is Database::Table\n);",
        "json": {
          "effect": "permit",
          "principal": {
            "op": "in",
            "entity": {
              "type": "Database::Group",
              "id": "dbusers"
            }
          },
          "action": {
            "op": "==",
            "entity": {
              "type": "Database::Action",
              "id": "view_table"
            }
          },
          "resource": {
            "op": "is",
            "entity_type": "Database::Table"
          },
          "conditions": []
        },
        "annotation_id": null,
        "cedar_id": "policy1"
      }
    ],
    "version": {
      "hash": "3e08780bcab1195040be80a026ea6acec1eef12e0f5a8cca2550eb1b4bb6b5c2",
      "loaded_at": "[timestamp]",
      "label_set": null,
      "generation": 1
    }
  }
}
