---
source: src/engine/tests/evaluate.rs
expression: decision
---
{
  "Allow": {
    "policies": [
      {
        "literal": "permit (\n    principal in Group::\"users\",\n    action == Action::\"view\",\n    resource is Photo\n);",
        "json": {
          "effect": "permit",
          "principal": {
            "op": "in",
            "entity": {
              "type": "Group",
              "id": "users"
            }
          },
          "action": {
            "op": "==",
            "entity": {
              "type": "Action",
              "id": "view"
            }
          },
          "resource": {
            "op": "is",
            "entity_type": "Photo"
          },
          "conditions": []
        },
        "annotation_id": null,
        "cedar_id": "policy1"
      }
    ],
    "version": {
      "hash": "6c98ea03a20df481c3e64392c9b0e028d0149b1e134e268eaf80302ac3d73b0f",
      "loaded_at": "[timestamp]",
      "label_set": null,
      "generation": 1
    }
  }
}
