---
source: src/engine/tests/evaluate.rs
expression: decision
---
{
  "Allow": {
    "policies": [
      {
        "literal": "permit (\n    principal == User::\"bob\",\n    action == Action::\"create_host\",\n    resource is Host\n) when {\n    resource.name like \"bob*\" &&\n    resource.ip.isInRange(ip(\"192.0.0.0/24\"))\n};",
        "json": {
          "effect": "permit",
          "principal": {
            "op": "==",
            "entity": {
              "type": "User",
              "id": "bob"
            }
          },
          "action": {
            "op": "==",
            "entity": {
              "type": "Action",
              "id": "create_host"
            }
          },
          "resource": {
            "op": "is",
            "entity_type": "Host"
          },
          "conditions": [
            {
              "kind": "when",
              "body": {
                "&&": {
                  "left": {
                    "like": {
                      "left": {
                        ".": {
                          "left": {
                            "Var": "resource"
                          },
                          "attr": "name"
                        }
                      },
                      "pattern": [
                        {
                          "Literal": "b"
                        },
                        {
                          "Literal": "o"
                        },
                        {
                          "Literal": "b"
                        },
                        "Wildcard"
                      ]
                    }
                  },
                  "right": {
                    "isInRange": [
                      {
                        ".": {
                          "left": {
                            "Var": "resource"
                          },
                          "attr": "ip"
                        }
                      },
                      {
                        "ip": [
                          {
                            "Value": "192.0.0.0/24"
                          }
                        ]
                      }
                    ]
                  }
                }
              }
            }
          ]
        },
        "annotation_id": null,
        "cedar_id": "policy1"
      }
    ],
    "version": {
      "hash": "fb81c2dc092d8f992659f666106894bb0cde22932f2ee2a819b4d8cbc81bfc94",
      "loaded_at": "[timestamp]",
      "label_set": null,
      "generation": 1
    }
  }
}
