---
source: src/engine/tests/evaluate.rs
expression: decision
---
{
  "Allow": {
    "policies": [
      {
        "literal": "@id(\"id_of_policy\")\npermit (\n    principal == User::\"alice\",\n    action, \n    resource\n);",
        "json": {
          "effect": "permit",
          "principal": {
            "op": "==",
            "entity": {
              "type": "User",
              "id": "alice"
            }
          },
          "action": {
            "op": "All"
          },
          "resource": {
            "op": "All"
          },
          "conditions": [],
          "annotations": {
            "id": "id_of_policy"
          }
        },
        "annotation_id": "id_of_policy",
        "cedar_id": "policy0"
      }
    ],
    "version": {
      "hash": "852f6a7634b8b382e732f7c6eab7376f447b2dc007b038c3f4af768c2fffcd70",
      "loaded_at": "[timestamp]",
      "label_set": null,
      "generation": 1
    }
  }
}
